[webstrot.com/html/thebilltro/index.html]
[backblue.gif]
[fade.gif]
[index.html]
[webstrot.com/html/thebilltro/images/favicon.png]
[webstrot.com/google_analytics_auto.js]
[webstrot.com/html/thebilltro/images/preloader.gif]
[webstrot.com/html/thebilltro/images/header_logo.png]
[webstrot.com/html/thebilltro/index-2.html]
[webstrot.com/html/thebilltro/about_us.html]
[webstrot.com/html/thebilltro/services.html]
[webstrot.com/html/thebilltro/error.html]
[webstrot.com/html/thebilltro/project.html]
[webstrot.com/html/thebilltro/project_single.html]
[webstrot.com/html/thebilltro/blog_single.html]
[webstrot.com/html/thebilltro/blog_category.html]
[webstrot.com/html/thebilltro/contact_us.html]
[webstrot.com/html/thebilltro/images/ft_1.png]
[webstrot.com/html/thebilltro/images/ft_2.png]
[webstrot.com/html/thebilltro/images/ft_3.png]
[webstrot.com/html/thebilltro/images/slider_img.jpg]
[webstrot.com/html/thebilltro/images/slider_img2.jpg]
[webstrot.com/html/thebilltro/images/slider_img3.jpg]
[webstrot.com/html/thebilltro/images/work_img.jpg]
[webstrot.com/html/thebilltro/images/btm_slide.png]
[webstrot.com/html/thebilltro/images/ruler.png]
[webstrot.com/html/thebilltro/images/ruler1.png]
[webstrot.com/html/thebilltro/images/service_1.jpg]
[webstrot.com/html/thebilltro/images/service_2.jpg]
[webstrot.com/html/thebilltro/images/service_3.jpg]
[webstrot.com/html/thebilltro/images/best_service_img.png]
[webstrot.com/html/thebilltro/images/projct.jpg]
[webstrot.com/html/thebilltro/images/projct_1.jpg]
[webstrot.com/html/thebilltro/images/projct_2.jpg]
[webstrot.com/html/thebilltro/images/projct_4.jpg]
[webstrot.com/html/thebilltro/images/projct_5.jpg]
[webstrot.com/html/thebilltro/images/projct_6.jpg]
[webstrot.com/html/thebilltro/images/projct_7.jpg]
[webstrot.com/html/thebilltro/images/projct_8.jpg]
[webstrot.com/html/thebilltro/images/team_ruler.png]
[webstrot.com/html/thebilltro/images/team_ruler2.png]
[webstrot.com/html/thebilltro/images/team_1.jpg]
[webstrot.com/html/thebilltro/images/team_2.jpg]
[webstrot.com/html/thebilltro/images/team_3.jpg]
[webstrot.com/html/thebilltro/images/team_4.jpg]
[webstrot.com/html/thebilltro/images/cnt_ruler.png]
[webstrot.com/html/thebilltro/images/cnt_ruler2.png]
[webstrot.com/html/thebilltro/images/blog_1.jpg]
[webstrot.com/html/thebilltro/images/blog_png_1.png]
[webstrot.com/html/thebilltro/images/blog_2.jpg]
[webstrot.com/html/thebilltro/images/pt_1.png]
[webstrot.com/html/thebilltro/images/pt_2.png]
[webstrot.com/html/thebilltro/images/pt_3.png]
[webstrot.com/html/thebilltro/images/pt_4.png]
[webstrot.com/html/thebilltro/images/pt_5.png]
[webstrot.com/html/thebilltro/images/pt_6.png]
[webstrot.com/html/thebilltro/images/foter_logo.png]
[webstrot.com/html/thebilltro/images/foter_news_1.png]
[webstrot.com/html/thebilltro/images/foter_news_2.png]
[webstrot.com/html/thebilltro/js/jquery_min.js]
[webstrot.com/html/thebilltro/js/bootstrap.min.js]
[webstrot.com/html/thebilltro/js/jqu_menu.js]
[webstrot.com/html/thebilltro/js/jarallax.js]
[webstrot.com/html/thebilltro/js/jqu_slickmenu.js]
[webstrot.com/html/thebilltro/js/isotope.pkgd.min.js]
[webstrot.com/html/thebilltro/venobox/js/venobox.min.js]
[webstrot.com/html/thebilltro/js/jquery.inview.min.js]
[webstrot.com/html/thebilltro/js/jquery.mixitup.min.js]
[webstrot.com/html/thebilltro/js/jquery.countTo.js]
[webstrot.com/html/thebilltro/js/wow.min.js]
[webstrot.com/html/thebilltro/js/jquery.easing.1.3.js]
[webstrot.com/html/thebilltro/js/owl.carousel.js]
[webstrot.com/html/thebilltro/js/camera.min.js]
[webstrot.com/html/thebilltro/js/custom.js]
[webstrot.com/html/thebilltro/index.html]
[webstrot.com/html/thebilltro/css/animate.css]
[webstrot.com/html/thebilltro/fonts/glyphicons-halflings-regular.eot]
[webstrot.com/html/thebilltro/fonts/glyphicons-halflings-regular.woff2]
[webstrot.com/html/thebilltro/fonts/glyphicons-halflings-regulard41d.eot]
[webstrot.com/html/thebilltro/fonts/glyphicons-halflings-regular.woff]
[webstrot.com/html/thebilltro/fonts/glyphicons-halflings-regular.ttf]
[webstrot.com/html/thebilltro/css/bootstrap.min.css]
[webstrot.com/html/thebilltro/css/meanmenu.css]
[webstrot.com/html/thebilltro/css/slicknav.min.css]
[webstrot.com/html/thebilltro/fonts/fontawesome-webfont3e6e.eot]
[webstrot.com/html/thebilltro/fonts/fontawesome-webfontd41d.eot]
[webstrot.com/html/thebilltro/fonts/fontawesome-webfont3e6e.woff2]
[webstrot.com/html/thebilltro/fonts/fontawesome-webfont3e6e.woff]
[webstrot.com/html/thebilltro/fonts/fontawesome-webfont3e6e.ttf]
[webstrot.com/html/thebilltro/css/font-awesome.min.css]
[webstrot.com/html/thebilltro/css/owl.video.play.5f.delayed]
[webstrot.com/html/thebilltro/css/owl.carousel.css]
[webstrot.com/html/thebilltro/css/magnific-popup.css]
[webstrot.com/html/thebilltro/venobox/css/venobox.css]
[webstrot.com/html/thebilltro/css/owl.theme.default.css]
[webstrot.com/html/thebilltro/fonts/Flaticon.eot]
[webstrot.com/html/thebilltro/fonts/Flaticon.woff]
[webstrot.com/html/thebilltro/fonts/Flaticond41d.eot]
[webstrot.com/html/thebilltro/fonts/Flaticon.ttf]
[webstrot.com/html/thebilltro/fonts/Flaticon.63.delayed]
[webstrot.com/html/thebilltro/css/Flaticon.64.delayed]
[webstrot.com/html/thebilltro/css/flaticon.css]
[webstrot.com/html/thebilltro/css/fonts.css]
[webstrot.com/html/thebilltro/images/blank.65.delayed]
[webstrot.com/html/thebilltro/images/camera_skins.66.delayed]
[webstrot.com/html/thebilltro/images/patterns/overlay1.67.delayed]
[webstrot.com/html/thebilltro/images/patterns/overlay2.68.delayed]
[webstrot.com/html/thebilltro/images/patterns/overlay3.69.delayed]
[webstrot.com/html/thebilltro/images/patterns/overlay4.6a.delayed]
[webstrot.com/html/thebilltro/images/patterns/overlay5.6b.delayed]
[webstrot.com/html/thebilltro/images/patterns/overlay6.6c.delayed]
[webstrot.com/html/thebilltro/images/patterns/overlay7.6d.delayed]
[webstrot.com/html/thebilltro/images/patterns/overlay8.6e.delayed]
[webstrot.com/html/thebilltro/images/patterns/overlay9.6f.delayed]
[webstrot.com/html/thebilltro/images/patterns/overlay10.70.delayed]
[webstrot.com/html/thebilltro/css/camera.css]
[webstrot.com/html/thebilltro/images/service_img.jpg]
[webstrot.com/html/thebilltro/images/tweter_bg.png]
[webstrot.com/html/thebilltro/images/team_bg.jpg]
[webstrot.com/html/thebilltro/images/counter_bg.jpg]
[webstrot.com/html/thebilltro/images/page_header_bg.jpg]
[webstrot.com/html/thebilltro/images/quality_serv_img.jpg]
[webstrot.com/html/thebilltro/images/service_bg.jpg]
[webstrot.com/html/thebilltro/images/abt_vedio.jpg]
[webstrot.com/html/thebilltro/images/pdt_single_pj.jpg]
[webstrot.com/html/thebilltro/css/style.css]
[webstrot.com/html/thebilltro/css/responsive.css]
[webstrot.com/html/thebilltro/index-2.html]
[webstrot.com/html/thebilltro/images/abt_cmpny.jpg]
[webstrot.com/html/thebilltro/images/play.png]
[webstrot.com/html/thebilltro/js/Chart.bundle.js]
[webstrot.com/html/thebilltro/js/chart.js]
[webstrot.com/html/thebilltro/js/jquery.magnific-popup.js]
[webstrot.com/html/thebilltro/js/popup.js]
[webstrot.com/html/thebilltro/about_us.html]
[webstrot.com/html/thebilltro/images/testi_client_img1.jpg]
[webstrot.com/html/thebilltro/images/testi_client_img2.jpg]
[webstrot.com/html/thebilltro/services.html]
[webstrot.com/html/thebilltro/images/404_img.png]
[webstrot.com/html/thebilltro/error.html]
[webstrot.com/html/thebilltro/images/projct_9.jpg]
[webstrot.com/html/thebilltro/images/projct_10.jpg]
[webstrot.com/html/thebilltro/images/projct_11.jpg]
[webstrot.com/html/thebilltro/images/projct_12.jpg]
[webstrot.com/html/thebilltro/images/projct_13.jpg]
[webstrot.com/html/thebilltro/images/projct_14.jpg]
[webstrot.com/html/thebilltro/project.html]
[webstrot.com/html/thebilltro/images/project_single.jpg]
[webstrot.com/html/thebilltro/images/project_single2.jpg]
[webstrot.com/html/thebilltro/images/project_single3.jpg]
[webstrot.com/html/thebilltro/images/ps_1.jpg]
[webstrot.com/html/thebilltro/images/ps_2.jpg]
[webstrot.com/html/thebilltro/images/ps_4.jpg]
[webstrot.com/html/thebilltro/project_single.html]
[webstrot.com/html/thebilltro/images/bc_img_1.jpg]
[webstrot.com/html/thebilltro/images/bs_img_1.png]
[webstrot.com/html/thebilltro/images/bs_img_2.png]
[webstrot.com/html/thebilltro/images/bs_admin.png]
[webstrot.com/html/thebilltro/images/comment_img1.jpg]
[webstrot.com/html/thebilltro/images/comment_img2.jpg]
[webstrot.com/html/thebilltro/images/comment_img3.jpg]
[webstrot.com/html/thebilltro/images/comment_img4.jpg]
[webstrot.com/html/thebilltro/images/bc_blog_1.jpg]
[webstrot.com/html/thebilltro/images/bc_blog_2.jpg]
[webstrot.com/html/thebilltro/images/bc_blog_3.jpg]
[webstrot.com/html/thebilltro/images/bc_vedio.jpg]
[webstrot.com/html/thebilltro/images/vedio_icon.png]
[webstrot.com/html/thebilltro/blog_single.html]
[webstrot.com/html/thebilltro/images/bc_img_3.jpg]
[webstrot.com/html/thebilltro/images/bc_img_2.jpg]
[webstrot.com/html/thebilltro/blog_category.html]
[api.mapbox.com/mapbox-gl-js/v0.47.0/mapbox-gl.css]
[webstrot.com/html/thebilltro/contact_us.html]
[webstrot.com/html/thebilltro/fonts/glyphicons-halflings-regular.svg]
[webstrot.com/html/thebilltro/fonts/fontawesome-webfont3e6e.svg]
[webstrot.com/html/thebilltro/css/owl.video.play.html]
[webstrot.com/html/thebilltro/fonts/Flaticon.html]
[webstrot.com/html/thebilltro/css/Flaticon.html]
[webstrot.com/html/thebilltro/images/blank.html]
[webstrot.com/html/thebilltro/images/camera_skins.html]
[webstrot.com/html/thebilltro/images/patterns/overlay1.html]
[webstrot.com/html/thebilltro/images/patterns/overlay2.html]
[webstrot.com/html/thebilltro/images/patterns/overlay3.html]
[webstrot.com/html/thebilltro/images/patterns/overlay4.html]
[webstrot.com/html/thebilltro/images/patterns/overlay5.html]
[webstrot.com/html/thebilltro/images/patterns/overlay6.html]
[webstrot.com/html/thebilltro/images/patterns/overlay7.html]
[webstrot.com/html/thebilltro/images/patterns/overlay8.html]
[webstrot.com/html/thebilltro/images/patterns/overlay9.html]
[webstrot.com/html/thebilltro/images/patterns/overlay10.html]
[api.mapbox.com/mapbox-gl-js/v0.47.0/mapbox-gl.css]
[api.mapbox.com/mapbox-gl-js/v0.47.0/mapbox-gl.js]
